Renesas Optimizing Linker (W3.01.00 )             01-Feb-2020 16:37:39

*** Options ***

-subcommand=DefaultBuild\HM_StarterKit.clnk
-library=DefaultBuild\HM_StarterKit.lib
-input=DefaultBuild\dbsct.obj
-input=DefaultBuild\intprg.obj
-input=DefaultBuild\HM_StarterKit.obj
-input=DefaultBuild\resetprg.obj
-input=DefaultBuild\sbrk.obj
-input=DefaultBuild\vecttbl.obj
-input=DefaultBuild\sci.obj
-input=DefaultBuild\init.obj
-input=DefaultBuild\spi.obj
-input=DefaultBuild\interrupt.obj
-input=DefaultBuild\glob_var.obj
-input=DefaultBuild\run.obj
-input=DefaultBuild\interface.obj
-input=DefaultBuild\misc.obj
-input=DefaultBuild\search.obj
-input=DefaultBuild\DataFlash.obj
-input=DefaultBuild\fast.obj
-input=DefaultBuild\i2c.obj
-input=DefaultBuild\adjust.obj
-noprelink
-output=DefaultBuild\HM_StarterKit.abs
-list=DefaultBuild\HM_StarterKit.map
-nooptimize
-start=B_1,R_1,B_2,R_2,B,R,SU,SI/04,PResetPRG/0FFF80000,C_1,C_2,C,C$DSEC,C$BSEC,C$INIT,C$VTBL,C$VECT,D_1,D_2,D,P,PIntPRG,W_1,W_2,W,L/0FFF80100,FIXEDVECT/0FFFFFFD0
-rom=D=R,D_1=R_1,D_2=R_2
-nologo
-end

*** Error information ***

*** Mapping List ***

SECTION                            START      END         SIZE   ALIGN
B_1
                                  00000004  00000815       812   1
R_1
                                  00000816  00000816         0   1
B_2
                                  00000816  00000823         e   2
R_2
                                  00000824  00000824         0   1
B
                                  00000824  0000d8e3      d0c0   4
R
                                  0000d8e4  0000d913        30   4
SU
                                  0000d914  0000da13       100   4
SI
                                  0000da14  0000dd13       300   4
PResetPRG
                                  fff80000  fff80030        31   1
C_1
                                  fff80100  fff80100         0   1
C_2
                                  fff80100  fff80100         0   1
C
                                  fff80100  fff80133        34   4
C$DSEC
                                  fff80134  fff80157        24   4
C$BSEC
                                  fff80158  fff8016f        18   4
C$INIT
                                  fff80170  fff80170         0   1
C$VTBL
                                  fff80170  fff80170         0   1
C$VECT
                                  fff80170  fff8056f       400   4
D_1
                                  fff80570  fff80570         0   1
D_2
                                  fff80570  fff80570         0   1
D
                                  fff80570  fff8059f        30   4
P
                                  fff805a0  fff85783      51e4   1
PIntPRG
                                  fff85784  fff859bd       23a   1
W_1
                                  fff859be  fff859be         0   1
W_2
                                  fff859be  fff859db        1e   2
W
                                  fff859dc  fff859dc         0   4
L
                                  fff859dc  fff85c7b       2a0   4
$ADDR_C_FFFFFF80
                                  ffffff80  ffffff83         4   1
$ADDR_C_FFFFFFA0
                                  ffffffa0  ffffffaf        10   1
FIXEDVECT
                                  ffffffd0  ffffffff        30   4
